
6673
120
34
-5678
1066192077
1416128883
cr[PC]:0x64; ir[x6,t1]:0x200008; ir[x10,a0]:0x54686973; ir[x17,a7]:0x1; fpr[f0,ft0]:0x000000003F8CCCCD; keyboard[0x0]:''; display[0x0]:'667312034-567810661920771416128883'; 

